2026-10-10
+------------------------------+----------------------------------+--------+-----------+----------------------------+-------------+
| Event ID                     | Trace                            | Status | Duration  | Type                       | Project     |
+=================================================================================================================================+
| evt_bcc5b498f55a5bab542774a7 | 95089e675fb7e7089e236c9841b5c338 | FAILED | 908986ms  | execution_requested        | mojentic-py |
|------------------------------+----------------------------------+--------+-----------+----------------------------+-------------|
| evt_4e822407af751a9f610ac5fe | 95089e675fb7e7089e236c9841b5c338 | ok     | 63132ms   | campaign_advance_requested | mojentic-py |
|------------------------------+----------------------------------+--------+-----------+----------------------------+-------------|
| evt_b3fdb0ab30e16b6dfee65f22 | c2fba53566d0f05a75b755aa590efa1a | FAILED | 873343ms  | execution_requested        | mojentic-py |
|------------------------------+----------------------------------+--------+-----------+----------------------------+-------------|
| evt_d06d6ef161e91901b58fec50 | c2fba53566d0f05a75b755aa590efa1a | ok     | 62295ms   | campaign_advance_requested | mojentic-py |
|------------------------------+----------------------------------+--------+-----------+----------------------------+-------------|
| evt_c141d300789c70a1e775df16 | 8c8876e3b6ccd17d97600730dc0cfd55 | FAILED | 1053699ms | execution_requested        | mojentic-py |
|------------------------------+----------------------------------+--------+-----------+----------------------------+-------------|
| evt_f43814d413ce595a901f22ad | 8c8876e3b6ccd17d97600730dc0cfd55 | FAILED | 1788015ms | execution_requested        | mojentic-py |
|------------------------------+----------------------------------+--------+-----------+----------------------------+-------------|
| evt_e00ef81e783293dd328c2068 | 8c8876e3b6ccd17d97600730dc0cfd55 | ok     | 109904ms  | campaign_advance_requested | mojentic-py |
|------------------------------+----------------------------------+--------+-----------+----------------------------+-------------|
| evt_70a0b02cd6adac2bee715767 | e80acfb9f1f12ba5a94085c14b7aec28 | ok     | 19364ms   | campaign_cancelled         | mojentic-py |
|------------------------------+----------------------------------+--------+-----------+----------------------------+-------------|
| evt_976793dfa48eaf040ceca87c | abcba7346f44adf4f5258bb713fec538 | ok     | 60471ms   | project_run_started        | mojentic-py |
+------------------------------+----------------------------------+--------+-----------+----------------------------+-------------+
