flake8 0 uv: exit 0
stdout: evidence/cycle-9/current/gates/flake8/20-1791689050884375914.stdout.log
stderr: evidence/cycle-9/current/gates/flake8/20-1791689050884375914.stderr.log

lint 0 uv: exit 0
stdout: evidence/cycle-9/current/gates/lint/44-1791689051566364314.stdout.log
stderr: evidence/cycle-9/current/gates/lint/44-1791689051566364314.stderr.log

ruff 0 uv: exit 0
stdout: evidence/cycle-9/current/gates/ruff/68-1791689052241618805.stdout.log
stderr: evidence/cycle-9/current/gates/ruff/68-1791689052241618805.stderr.log

format 0 uv: exit 0
stdout: evidence/cycle-9/current/gates/format/97-1791689052275492699.stdout.log
stderr: evidence/cycle-9/current/gates/format/97-1791689052275492699.stderr.log

test 0 uv: exit 0
stdout: evidence/cycle-9/current/gates/test/126-1791689052309765928.stdout.log
stderr: evidence/cycle-9/current/gates/test/126-1791689052309765928.stderr.log

coverage 0 uv: exit 0
stdout: evidence/cycle-9/current/gates/coverage/1041-1791689073036504185.stdout.log
stderr: evidence/cycle-9/current/gates/coverage/1041-1791689073036504185.stderr.log

bandit 0 uv: exit 0
stdout: evidence/cycle-9/current/gates/bandit/1956-1791689094208627869.stdout.log
stderr: evidence/cycle-9/current/gates/bandit/1956-1791689094208627869.stderr.log

audit 0 uv: exit 0
stdout: evidence/cycle-9/current/gates/audit/1971-1791689095891779891.stdout.log
stderr: evidence/cycle-9/current/gates/audit/1971-1791689095891779891.stderr.log

uvx-audit 0 uvx: exit 0
stdout: evidence/cycle-9/current/gates/uvx-audit/1987-1791689099729670785.stdout.log
stderr: evidence/cycle-9/current/gates/uvx-audit/1987-1791689099729670785.stderr.log

audit-inventory 0 uv: exit 0
stdout: evidence/cycle-9/current/gates/audit-inventory/2014-1791689103681784749.stdout.log
stderr: evidence/cycle-9/current/gates/audit-inventory/2014-1791689103681784749.stderr.log

uvx-audit-inventory 0 uvx: exit 0
stdout: evidence/cycle-9/current/gates/uvx-audit-inventory/2030-1791689107685137562.stdout.log
stderr: evidence/cycle-9/current/gates/uvx-audit-inventory/2030-1791689107685137562.stderr.log

outdated 0 uv: exit 0
stdout: evidence/cycle-9/current/gates/outdated/2057-1791689111669668482.stdout.log
stderr: evidence/cycle-9/current/gates/outdated/2057-1791689111669668482.stderr.log

docs 0 uv: exit 0
stdout: evidence/cycle-9/current/gates/docs/2112-1791689112194458507.stdout.log
stderr: evidence/cycle-9/current/gates/docs/2112-1791689112194458507.stderr.log

