f51ecdaabb841fea13cba2867b414ab670be1281 HEAD
f51ecdaabb841fea13cba2867b414ab670be1281 refs/heads/foundry-task/mojentic-py-mojentic-py-transient-recovery-v2-c10-e5b443
1cacf50037c9f60e91161df29e6efd955aa2d535 refs/heads/foundry-task/mojentic-py-mojentic-py-transient-recovery-v2-c3-6d8faf
f51ecdaabb841fea13cba2867b414ab670be1281 refs/heads/main
f51ecdaabb841fea13cba2867b414ab670be1281 refs/remotes/origin/HEAD
e8c52b267be1738c95f14c432596cf6c76ac79a0 refs/remotes/origin/chore/standardize-release
1cacf50037c9f60e91161df29e6efd955aa2d535 refs/remotes/origin/foundry-task/mojentic-py-mojentic-py-transient-recovery-v2-c3-6d8faf
f51ecdaabb841fea13cba2867b414ab670be1281 refs/remotes/origin/main
3f1f259ee92e444e2ef7d99bdf1718424f6e4f81 refs/tags/RELEASE-0.1.0
28769f2391e8e30957a696c5f3fbf453478ec4f7 refs/tags/RELEASE-0.2.0
dad6edaf1b94a9b71b7fb9a852b769d1638bf762 refs/tags/RELEASE-0.2.1
965266e36f3537efbd1636a289e2255761720f6b refs/tags/RELEASE-0.2.2
4c8b7e01ee980e2c918f2bf43c4eb5813a555539 refs/tags/RELEASE-0.2.3
4cd1b74f19d51f821a929cb6b34e16f549dc3668 refs/tags/RELEASE-0.2.4
1483e79250b29189dd90f24bd8d4b363ed376a13 refs/tags/RELEASE-0.2.5
0dd982c63fde64a3a6bc39d363abf51e1cb31729 refs/tags/RELEASE-0.2.6
5218b130bf4ab7e970d872db4b81776879803644 refs/tags/RELEASE-0.3.0
81ea30aa083c13c49b630035f58a16f22048f98d refs/tags/RELEASE-0.4.0
7ed5d19ef922f1595f8995faa962310805968311 refs/tags/RELEASE-0.4.1
68300acb7cde81d1d8ff0604d4002362a8261f22 refs/tags/RELEASE-0.4.2
541a4113bfc717c4fbf5d5f968cc5bda6f7afe0c refs/tags/RELEASE-0.5.0
98fdf515623d55d99f38b05b96d8899e1e7a3114 refs/tags/RELEASE-0.5.1
d817185ba6a19ff0d8d9346526e3562d8b9ed798 refs/tags/RELEASE-0.5.2
7905bdc21812c8103eced461f30b6113415c3d1b refs/tags/RELEASE-0.5.3
c5cfd7b7d960ea2ce3c34d60af6beb3ca3e9d08a refs/tags/RELEASE-0.5.4
882883b3add7315d697269cbe38ba03b44c6e356 refs/tags/RELEASE-0.5.5
9105d48f3683069aa647820078ff4e59640a2c19 refs/tags/RELEASE-0.5.6
f74107c8ab591a3d5dca57fb6d4957cc4536d307 refs/tags/RELEASE-0.5.7
e5533036770407df3b487c95ad33ab38c51c9ee7 refs/tags/RELEASE-0.6.0
3a5bd640c8eee1f21f4d967528b01c491d570bab refs/tags/RELEASE-0.6.1
06f5723d9de085761eab09c14b544894be66f029 refs/tags/RELEASE-0.6.2
a2cb05f9204071bfb173824837cde2ad56a742ce refs/tags/RELEASE-0.7.1
2853546093be67feeabc6e8249be2d6cdf1aa2f5 refs/tags/RELEASE-0.7.2
e24a42e8ac0693aa42ba7a65b3ba02d4705cdf39 refs/tags/RELEASE-0.7.3
26a5dab69a87c44ae42ee628fae44b0dd7243bc0 refs/tags/RELEASE-0.7.4
051e9768c2a5fa1da9e230bd83edc19517d1fb03 refs/tags/RELEASE-0.8.0
9a375e197b113e1a4e4d3827bf67123737fbaa6f refs/tags/RELEASE-0.8.1
b187efed8cd0b93134f3a337ef8188346eae760f refs/tags/RELEASE-0.8.2
00e0dfd4cd7e00291950bdd87e70940a891bee73 refs/tags/RELEASE_0.2.0
79d8308d65e71902ab49b9b2decf6f41b5d07bda refs/tags/RELEASE_0_8_3
5508bd3aa4b723713879741edbff9c5eed3b0943 refs/tags/RELEASE_0_8_4
1340b644018b73d6cbc6b431de0b5af291808555 refs/tags/v0.9.0
41c00f2098a40780503db33ff085949090f7fdb6 refs/tags/v1.0.0
5782eacf06fb1864bdcf0bc9fec1ad8d235ad6cf refs/tags/v1.0.1
e541f091a28f37de1adb93db3ef2c8a4adb039c2 refs/tags/v1.1.0
c626f195192174edd2e07b5509b4bcc91ed9fb5f refs/tags/v1.1.1
9d840b902e7d8605ca75321c5333ad9dd15d312c refs/tags/v1.2.0
b155b95c3e53cce36e26ed38588967215933d83e refs/tags/v1.2.1
28c0af7f862fbfa8d112eae583e370834f62c077 refs/tags/v1.2.2
07af8f686f93a771326e7c42ec7a07bd76d8d3eb refs/tags/v1.3.0
067db37cc62f21af203765f026e35bf886018a9d refs/tags/v1.4.0
4eb6d0480decdc383c7e342e88edf47bf9a4853b refs/tags/v1.5.0
0222dae1c12d83c585cacf0f1730a4f9e265929f refs/tags/v2.1.0
